// Jest Snapshot v1, https://goo.gl/fbAQLP

exports[`Button should render a button 1`] = `
<button
  className="govuk-button"
  data-module="govuk-button"
  data-prevent-double-click={null}
  type="submit"
/>
`;
