// Jest Snapshot v1, https://goo.gl/fbAQLP

exports[`CoTraveller should not render the co-traveller component 1`] = `null`;

exports[`CoTraveller should render the co-traveller component 1`] = `
<div
  className="co-travellers-container font__bold govuk-!-padding-top-2 govuk-!-margin-bottom-4"
>
  <h3
    className="govuk-heading-m govuk-!-margin-bottom-0"
  >
    3 Co-travellers
  </h3>
  <table
    className="hods-table co-travellers-table"
    role="table"
  >
    <thead
      className="hods-table__heading"
    >
      <tr
        role="row"
      >
        <th
          role="columnheader"
          scope="col"
        >
          Traveller
        </th>
        <th
          role="columnheader"
          scope="col"
        >
          Age
        </th>
        <th
          role="columnheader"
          scope="col"
        >
          Document
        </th>
      </tr>
    </thead>
    <tbody
      className="hods-table__body"
    >
      <tr
        className="hods-table__row"
        role="row"
      >
        <td
          className="hods-table__cell"
          role="cell"
        >
          <span
            className="hods-table__heading"
          >
            Traveller
          </span>
          <div
            className="font__bold"
          >
            MAUSSER
            , 
            Unknown
             
          </div>
          <div
            className="font__light"
          >
            Female
            , 
            14 Apr 1970
            , 
            Unknown
             (
            Unknown
            )
          </div>
        </td>
        <td
          className="hods-table__cell"
          role="cell"
        >
          <span
            className="hods-table__heading"
          >
            Age
          </span>
          <div
            className="font__bold"
          >
            52
          </div>
        </td>
        <td
          className="hods-table__cell"
          role="cell"
        >
          <span
            className="hods-table__heading"
          >
            Document
          </span>
          <div
            className="font__bold"
          >
            Unknown
          </div>
          <div
            className="font__light"
          >
            Unknown
          </div>
          <div
            className="font__light"
          >
            Issued by 
            Unknown
          </div>
        </td>
      </tr>
      <tr
        className="hods-table__row"
        role="row"
      >
        <td
          className="hods-table__cell"
          role="cell"
        >
          <span
            className="hods-table__heading"
          >
            Traveller
          </span>
          <div
            className="font__bold"
          >
            MAUSSER
            , 
            SHARON
             
          </div>
          <div
            className="font__light"
          >
            Unknown
            , 
            Unknown
            , 
            Unknown
             (
            Unknown
            )
          </div>
        </td>
        <td
          className="hods-table__cell"
          role="cell"
        >
          <span
            className="hods-table__heading"
          >
            Age
          </span>
          <div
            className="font__bold"
          >
            Unknown
          </div>
        </td>
        <td
          className="hods-table__cell"
          role="cell"
        >
          <span
            className="hods-table__heading"
          >
            Document
          </span>
          <div
            className="font__bold"
          >
            Unknown
          </div>
          <div
            className="font__light"
          >
            Unknown
          </div>
          <div
            className="font__light"
          >
            Issued by 
            Unknown
          </div>
        </td>
      </tr>
      <tr
        className="hods-table__row"
        role="row"
      >
        <td
          className="hods-table__cell"
          role="cell"
        >
          <span
            className="hods-table__heading"
          >
            Traveller
          </span>
          <div
            className="font__bold"
          >
            UNKNOWN
            , 
            Unknown
             
          </div>
          <div
            className="font__light"
          >
            Male
            , 
            10 Jun 1967
            , 
            Unknown
             (
            Unknown
            )
          </div>
        </td>
        <td
          className="hods-table__cell"
          role="cell"
        >
          <span
            className="hods-table__heading"
          >
            Age
          </span>
          <div
            className="font__bold"
          >
            55
          </div>
        </td>
        <td
          className="hods-table__cell"
          role="cell"
        >
          <span
            className="hods-table__heading"
          >
            Document
          </span>
          <div
            className="font__bold"
          >
            Unknown
          </div>
          <div
            className="font__light"
          >
            Unknown
          </div>
          <div
            className="font__light"
          >
            Issued by 
            Unknown
          </div>
        </td>
      </tr>
    </tbody>
  </table>
</div>
`;
