// Jest Snapshot v1, https://goo.gl/fbAQLP

exports[`AirpaxTaskSummary should render the component without crashing 1`] = `
<section
  className="task-list--voyage-section overflow-hidden"
>
  <div
    className="govuk-grid-row grid-background--greyed"
  >
    <div
      className="govuk-grid-column-one-quarter govuk-!-padding-left-9"
    >
      <i
        className="icon-position--left c-icon-person"
      />
      <p
        className="govuk-body-s content-line-one govuk-!-margin-bottom-0 govuk-!-padding-left-1"
      >
        Unknown
      </p>
      <span
        className="govuk-body-s govuk-!-margin-bottom-0 govuk-!-font-weight-bold govuk-!-padding-left-1"
      >
        <span
          className="govuk-font-weight-bold"
        >
          Unknown
           
        </span>
      </span>
    </div>
    <div
      className="govuk-grid-column-three-quarters govuk-!-padding-right-7 align-right"
    >
      <i
        className="c-icon-aircraft"
      />
      <p
        className="content-line-one govuk-!-padding-right-2"
      >
        Unknown flight, 
              Unknown
              
      </p>
      <p
        className="govuk-body-s content-line-two govuk-!-padding-right-2"
      >
        <span
          className="govuk-!-font-weight-bold"
        >
          Unknown
        </span>
        <span
          className="dot"
        />
        Unknown
        <span
          className="dot"
        />
        <span
          className="govuk-!-font-weight-bold"
        >
          Unknown
        </span>
         â†’
        <span
          className="govuk-!-font-weight-bold"
        >
           
          Unknown
        </span>
        <span
          className="dot"
        />
        Unknown
      </p>
    </div>
  </div>
</section>
`;
